(---------------------------------------------------------------------)
(                                                                     )
(    Allegro Netrev Import Logic                                      )
(                                                                     )
(    Drawing          : IRRIGATION_PROJECT.brd                        )
(    Software Version : 17.2S042                                      )
(    Date/Time        : Tue Apr 12 18:14:45 2022                      )
(                                                                     )
(---------------------------------------------------------------------)


------ Directives ------------

Ripup etch:                  No
Ripup delete first segment:  No
Ripup retain bondwire:       No
Ripup symbols:               Always
Missing symbol has error:    No
DRC update:                  Yes
Schematic directory:         'D:\IRRIGATION_PROJECT\SCHEMATIC\allegro'
Design Directory:            'D:/IRRIGATION_PROJECT/SCHEMATIC/allegro'
Old design name:             'D:/IRRIGATION_PROJECT/SCHEMATIC/allegro/IRRIGATION_PROJECT.brd'
New design name:             'D:/IRRIGATION_PROJECT/SCHEMATIC/allegro/IRRIGATION_PROJECT.brd'

CmdLine: netrev.exe -y 1 -n -i D:\IRRIGATION_PROJECT\SCHEMATIC\allegro D:\IRRIGATION_PROJECT\SCHEMATIC\allegro\IRRIGATION_PROJECT.brd D:\IRRIGATION_PROJECT\SCHEMATIC\allegro\IRRIGATION_PROJECT.brd

------ Preparing to read pst files ------

Starting to read D:/IRRIGATION_PROJECT/SCHEMATIC/allegro/pstchip.dat 
   Finished reading D:/IRRIGATION_PROJECT/SCHEMATIC/allegro/pstchip.dat (00:00:00.03)
Starting to read D:/IRRIGATION_PROJECT/SCHEMATIC/allegro/pstxprt.dat 
   Finished reading D:/IRRIGATION_PROJECT/SCHEMATIC/allegro/pstxprt.dat (00:00:00.00)
Starting to read D:/IRRIGATION_PROJECT/SCHEMATIC/allegro/pstxnet.dat 
   Finished reading D:/IRRIGATION_PROJECT/SCHEMATIC/allegro/pstxnet.dat (00:00:00.00)

------ Oversights/Warnings/Errors ------


------ Library Paths ------
MODULEPATH =  . 
           C:/Cadence/SPB_17.2/share/local/pcb/modules 

PSMPATH =  . 
           symbols 
           .. 
           ../symbols 
           C:/Cadence/SPB_17.2/share/local/pcb/symbols 
           C:/Cadence/SPB_17.2/share/pcb/pcb_lib/symbols 
           C:/Cadence/SPB_17.2/share/pcb/allegrolib/symbols 
           D:/irrigation_project/schematic/pcb_footprints/DRAFiles 

PADPATH =  . 
           symbols 
           .. 
           ../symbols 
           C:/Cadence/SPB_17.2/share/local/pcb/padstacks 
           C:/Cadence/SPB_17.2/share/pcb/pcb_lib/symbols 
           C:/Cadence/SPB_17.2/share/pcb/allegrolib/symbols 


------ Summary Statistics ------


netrev run on Apr 12 18:14:45 2022
   DESIGN NAME : 'IRRIGATION_PROJECT'
   PACKAGING ON Jun 13 2018 09:15:00

   COMPILE 'logic'
   CHECK_PIN_NAMES OFF
   CROSS_REFERENCE OFF
   FEEDBACK OFF
   INCREMENTAL OFF
   INTERFACE_TYPE PHYSICAL
   MAX_ERRORS 500
   MERGE_MINIMUM 5
   NET_NAME_CHARS '#%&()*+-./:=>?@[]^_`|'
   NET_NAME_LENGTH 24
   OVERSIGHTS ON
   REPLACE_CHECK OFF
   SINGLE_NODE_NETS ON
   SPLIT_MINIMUM 0
   SUPPRESS   20
   WARNINGS ON

 No error detected
 No oversight detected
 No warning detected

cpu time      0:00:50
elapsed time  0:00:01

